[2026-06-06 13:05:08] Помилка виконання  Array
(
    [error] => SQLSTATE[23000]: Integrity constraint violation: 1062 Duplicate entry 'adminbackup' for key 'controller'
    [route] => adminMenu/sync
)

[2026-06-06 14:42:53] Помилка виконання  Array
(
    [error] => SQLSTATE[23000]: Integrity constraint violation: 1062 Duplicate entry 'adminbackup' for key 'controller'
    [route] => adminMenu/sync
)

[2026-06-06 14:46:32] Помилка виконання  Array
(
    [error] => SQLSTATE[23000]: Integrity constraint violation: 1062 Duplicate entry 'adminbackup' for key 'controller'
    [route] => adminMenu/sync
)

[2026-06-06 14:48:35] Помилка виконання  Array
(
    [error] => SQLSTATE[23000]: Integrity constraint violation: 1062 Duplicate entry 'adminbackup' for key 'controller'
    [route] => adminMenu/sync
)

[2026-06-06 14:57:01] Помилка виконання  Array
(
    [error] => SQLSTATE[23000]: Integrity constraint violation: 1062 Duplicate entry 'adminbackup' for key 'controller'
    [route] => adminMenu/sync
)

[2026-06-06 15:03:27] Помилка виконання  Array
(
    [error] => SQLSTATE[23000]: Integrity constraint violation: 1062 Duplicate entry 'AdminBackup' for key 'controller'
    [route] => adminMenu/sync
)

[2026-06-06 15:05:48] Помилка виконання  Array
(
    [error] => SQLSTATE[23000]: Integrity constraint violation: 1062 Duplicate entry 'AdminBackup' for key 'controller'
    [route] => adminMenu/sync
)

